
   FAIL  Tests\Feature\SmsLoggingTest
  Ôťô it logs successful sms send           0.23s  
  ÔĘ» it logs failed sms send               0.02s  
  ÔöÇÔöÇÔöÇÔöÇÔöÇÔöÇÔöÇÔöÇÔöÇÔöÇÔöÇÔöÇÔöÇÔöÇÔöÇÔöÇÔöÇÔöÇÔöÇÔöÇÔöÇÔöÇÔöÇÔöÇÔöÇÔöÇÔöÇÔöÇÔöÇÔöÇÔöÇÔöÇÔöÇÔöÇÔöÇÔöÇÔöÇÔöÇÔöÇÔöÇÔöÇÔöÇÔöÇÔöÇÔöÇ  
   FAILED  Tests\Feature\SmsLoggingTest > itÔÇŽ    
  Failed asserting that Illuminate\Support\Carbon Object #2716 (
    'endOfTime' => false,
    'startOfTime' => false,
    'constructedObjectId' => '0000000000000a9c0000000000000000',
    'clock' => null,
    'localMonthsOverflow' => null,
    'localYearsOverflow' => null,
    'localStrictModeEnabled' => null,
    'localHumanDiffOptions' => null,
    'localToStringFormat' => null,
    'localSerializer' => null,
    'localMacros' => null,
    'localGenericMacros' => null,
    'localFormatFunction' => null,
    'localTranslator' => null,
    'dumpProperties' => Array &0 [
        0 => 'date',
        1 => 'timezone_type',
        2 => 'timezone',
    ],
    'dumpLocale' => null,
    'dumpDateProperties' => null,
    'date' => '2025-12-22 14:03:37.000000',
    'timezone_type' => 3,
    'timezone' => 'Europe/Warsaw',
) is null.

  at tests\Feature\SmsLoggingTest.php:66
     62ÔľĽ     ]);
     63ÔľĽ 
     64ÔľĽ     // Check that appointment was NOT marked as sent
     65ÔľĽ     $appointment->refresh();
  Ô×ť  66ÔľĽ     expect($appointment->reminder_sent_at)->toBeNull();
     67ÔľĽ });
     68ÔľĽ

  1   tests\Feature\SmsLoggingTest.php:66


  Tests:    1 failed, 1 passed (5 assertions)
  Duration: 0.34s

